1.	Завршено.
2.	Завршено.
3.	Завршено
4.	Прво го правам директориумот, потоа се насочувам до него со cd Documents/GitHub/SI_2023_lab1_195024, па го иницијализирам Git со git init
-	Git init е команда за иницијализирање на git во фолдерот каде што се наоѓам.

viktormac@Viktors-MacBook-Pro-16 ~ % cd Documents/GitHub/SI_2023_lab1_195024

viktormac@Viktors-MacBook-Pro-16 SI_2023_lab1_195024 % git init

5.	Ги поврзувам директориумот со репозиториумот со git remote add origin

viktormac@Viktors-MacBook-Pro-16 SI_2023_lab1_195024 % git remote add origin https://github.com/viktorkode/SI_2023_lab1_195024.git

6.	Ја додавам README.md дадотека со мое име, презиме, и индекс, со командата git add README.md и правам commit со командата git commit
-	Git add прави stage на фајлот.
-	Git commit прави “snapshot” на промените коишто досега ги имам направено.

viktormac@Viktors-MacBook-Pro-16 SI_2023_lab1_195024 % git commit -m "Initial commit"

7.	Го додавам фајлот SILab1.java и правам commit

viktormac@Viktors-MacBook-Pro-16 SI_2023_lab1_195024 % git add SILab1.java
viktormac@Viktors-MacBook-Pro-16 SI_2023_lab1_195024 % git commit -m "Add java class"

8.	Ги синхронизирам сите гранки со командата git push –all која се користи за синхронизирање на локалниот директориум со ремоте репозиториумот.

viktormac@Viktors-MacBook-Pro-16 SI_2023_lab1_195024 % git push –all

Enumerating objects: 6, done.
Counting objects: 100% (6/6), done.
Delta compression using up to 16 threads
Compressing objects: 100% (4/4), done.
Writing objects: 100% (6/6), 818 bytes | 818.00 KiB/s, done.
Total 6 (delta 1), reused 0 (delta 0), pack-reused 0
remote: Resolving deltas: 100% (1/1), done.
To https://github.com/viktorkode/SI_2023_lab1_195024.git
 * [new branch]      master -> master

9.	Отворам 3 гранки со командата git branch <ime> за bug1, bug2, и bug3
-	Git branch <imeNaGranka> отвара нови гранки со наведено име.
10.	Се префрлам на bug1 гранката со git checkout bug1.

viktormac@Viktors-MacBook-Pro-16 SI_2023_lab1_195024 % git checkout bug1
Switched to branch 'bug1'

11.	Ја поправам грешката. Потоа го додавам фајлот со git add SILab1.java и правам commit со git commit -m "Fix wrong loop for reading"

viktormac@Viktors-MacBook-Pro-16 SI_2023_lab1_195024 % git add SILab1.java 
viktormac@Viktors-MacBook-Pro-16 SI_2023_lab1_195024 % git commit -m "Fix wrong loop for reading"

12.	Се префрлам на гранката bug2.

viktormac@Viktors-MacBook-Pro-16 SI_2023_lab1_195024 % git checkout bug2
Switched to branch 'bug2'

13.	Ја поправам грешката во методот filterOddNumbers, и правам commit.

viktormac@Viktors-MacBook-Pro-16 SI_2023_lab1_195024 % git add SILab1.java 
viktormac@Viktors-MacBook-Pro-16 SI_2023_lab1_195024 % git commit -m "Fix wrong condition in filterOddNumbers"
[bug2 552743e] Fix wrong condition in filterOddNumbers
 1 file changed, 1 insertion(+), 1 deletion(-)

14.	Се префрлам на гранката bug3.

viktormac@Viktors-MacBook-Pro-16 SI_2023_lab1_195024 % git checkout bug3
Switched to branch 'bug3'

15.	Ја поправам грешката... правам add и commit.

viktormac@Viktors-MacBook-Pro-16 SI_2023_lab1_195024 % git add SILab1.java 
viktormac@Viktors-MacBook-Pro-16 SI_2023_lab1_195024 % git commit -m "Fix method sumEvenNumbers"
[bug3 93755de] Fix method sumEvenNumbers
1 file changed, 3 insertions(+), 3 deletions(-)

16.	Правам commit со git push --all за сите гранки

viktormac@Viktors-MacBook-Pro-16 SI_2023_lab1_195024 % git push --all
Enumerating objects: 11, done.
Counting objects: 100% (11/11), done.
Delta compression using up to 16 threads
Compressing objects: 100% (9/9), done.
Writing objects: 100% (9/9), 874 bytes | 874.00 KiB/s, done.
Total 9 (delta 5), reused 0 (delta 0), pack-reused 0
remote: Resolving deltas: 100% (5/5), completed with 1 local object.
To https://github.com/viktorkode/SI_2023_lab1_195024.git
 * [new branch]      bug1 -> bug1
 * [new branch]      bug2 -> bug2
 * [new branch]      bug3 -> bug3

17.	Се префрлам на главната гранка.

viktormac@Viktors-MacBook-Pro-16 SI_2023_lab1_195024 % git checkout master
Switched to branch 'master'

18.	Ја спојувам bug1 so master
-	Git merge спојува две гранки.

viktormac@Viktors-MacBook-Pro-16 SI_2023_lab1_195024 % git merge bug1
Updating f042251..13249d3
Fast-forward
 SILab1.java | 2 +-
 1 file changed, 1 insertion(+), 1 deletion(-)

19.	Синхронизирам.

viktormac@Viktors-MacBook-Pro-16 SI_2023_lab1_195024 % git push --all
Total 0 (delta 0), reused 0 (delta 0), pack-reused 0
To https://github.com/viktorkode/SI_2023_lab1_195024.git
   f042251..13249d3  master -> master

20.	Сега прави конфликт откога ќе направам git merge bug2.

viktormac@Viktors-MacBook-Pro-16 SI_2023_lab1_195024 % git merge bug2
Auto-merging SILab1.java
CONFLICT (content): Merge conflict in SILab1.java
Automatic merge failed; fix conflicts and then commit the result.

21.	Го поправам конфликтот со тоа што го бришам грешниот код од SILab1.java, зачувувам, и правам git add ., git commit, и git push –all.

viktormac@Viktors-MacBook-Pro-16 SI_2023_lab1_195024 % git add .           
viktormac@Viktors-MacBook-Pro-16 SI_2023_lab1_195024 % git commit -m "Merge conflict fix"
[master 2e980cf] Merge conflict fix
viktormac@Viktors-MacBook-Pro-16 SI_2023_lab1_195024 % git push --all
Enumerating objects: 7, done.
Counting objects: 100% (7/7), done.
Delta compression using up to 16 threads
Compressing objects: 100% (3/3), done.
Writing objects: 100% (3/3), 359 bytes | 359.00 KiB/s, done.
Total 3 (delta 1), reused 0 (delta 0), pack-reused 0
remote: Resolving deltas: 100% (1/1), completed with 1 local object.
To https://github.com/viktorkode/SI_2023_lab1_195024.git
   13249d3..2e980cf  master -> master

22.	Се префрлам на bug 3.

viktormac@Viktors-MacBook-Pro-16 SI_2023_lab1_195024 % git checkout bug3
Switched to branch 'bug3'

23.	Правам rebase do master со git rebase
-	Rebase ги зема сите промени направени на една гранка, и ги прави на друга гранка.

viktormac@Viktors-MacBook-Pro-16 SI_2023_lab1_195024 % git rebase master
Successfully rebased and updated refs/heads/bug3.

24.	Се префрлам на master.
viktormac@Viktors-MacBook-Pro-16 SI_2023_lab1_195024 % git checkout master
Switched to branch 'master'

25.	Ја спојувам гранката со git merge bug3.

viktormac@Viktors-MacBook-Pro-16 SI_2023_lab1_195024 % git merge bug3
Updating 2e980cf..b1da81b
Fast-forward
 SILab1.java | 6 +++---
 1 file changed, 3 insertions(+), 3 deletions(-)

26.	Вади грешка при git push –all:

viktormac@Viktors-MacBook-Pro-16 SI_2023_lab1_195024 % git push --all
Enumerating objects: 5, done.
Counting objects: 100% (5/5), done.
Delta compression using up to 16 threads
Compressing objects: 100% (3/3), done.
Writing objects: 100% (3/3), 357 bytes | 357.00 KiB/s, done.
Total 3 (delta 1), reused 0 (delta 0), pack-reused 0
remote: Resolving deltas: 100% (1/1), completed with 1 local object.
To https://github.com/viktorkode/SI_2023_lab1_195024.git
   2e980cf..b1da81b  master -> master
 ! [rejected]        bug3 -> bug3 (non-fast-forward)
error: failed to push some refs to 'https://github.com/viktorkode/SI_2023_lab1_195024.git'
hint: Updates were rejected because a pushed branch tip is behind its remote
hint: counterpart. Check out this branch and integrate the remote changes
hint: (e.g. 'git pull ...') before pushing again.
hint: See the 'Note about fast-forwards' in 'git push --help' for details.

На командата и додавам --force за да работи:

viktormac@Viktors-MacBook-Pro-16 SI_2023_lab1_195024 % git push --all --force
Total 0 (delta 0), reused 0 (delta 0), pack-reused 0
To https://github.com/viktorkode/SI_2023_lab1_195024.git
 + 93755de...b1da81b bug3 -> bug3 (forced update)

